// Jest Snapshot v1, https://goo.gl/fbAQLP

exports[`Test DailyOrders component 1`] = `
<div
  className="daily-order-wrapper"
>
  <div
    className="title-area"
  >
    <h3
      className="ant-typography"
      onClick={null}
      style={
        Object {
          "WebkitLineClamp": undefined,
        }
      }
    />
    <div
      className="title-area__number"
    >
      <span
        className="ant-typography"
        onClick={null}
        style={
          Object {
            "WebkitLineClamp": undefined,
          }
        }
      >
        <strong>
          0
           
        </strong>
      </span>
    </div>
  </div>
  <div>
    Content
  </div>
</div>
`;
